// Jest Snapshot v1, https://goo.gl/fbAQLP

exports[`AuthContext component should render children and match snapshot. 1`] = `
<Fragment>
  <div>
    Test
  </div>
</Fragment>
`;
