// Jest Snapshot v1, https://goo.gl/fbAQLP

exports[`NavbarLoginButton component should render and match snapshot with correct content. 1`] = `
<div
  className="float-right"
>
  <NavLink
    className="inline-block text-sm px-5 py-2 lg:mt-0 mr-10 leading-none border rounded-full text-white border-white hover:text-blue-400 hover:bg-white active:bg-blue-700"
    data-testid="Login-NavButton"
    to="/login"
  >
    <span
      data-testid="Login-NavButtonText"
    >
      Login
    </span>
  </NavLink>
</div>
`;
