// Jest Snapshot v1, https://goo.gl/fbAQLP

exports[`Login component should render and match snapshot with correct content text. 1`] = `
<div
  className="min-h-screen min-w-screen bg-white text-center text-6xl text-black grid items-center tracking-wider"
  data-testid="Login"
>
  Login Component
</div>
`;
